<testsuites id="" name="" tests="3" failures="1" skipped="0" errors="0" time="134.493168">
<testsuite name="setup/auth.setup.ts" timestamp="2024-05-16T06:19:36.947Z" hostname="setup" tests="2" failures="0" skipped="0" time="10.052" errors="0">
<testcase name="HESTA for MercyVerify disabled user login functionality " classname="setup/auth.setup.ts" time="3.359">
</testcase>
<testcase name="HESTA for MercyVerify successful user login functionality " classname="setup/auth.setup.ts" time="6.693">
</testcase>
</testsuite>
<testsuite name="employer/create_employer.spec.ts" timestamp="2024-05-16T06:19:36.947Z" hostname="chromium" tests="1" failures="1" skipped="0" time="120.445" errors="0">
<testcase name="HESTA for MercyVerify existing employer data can be edited successfully @employer" classname="employer/create_employer.spec.ts" time="120.445">
<failure message="create_employer.spec.ts:68:5 HESTA for MercyVerify existing employer data can be edited successfully @employer" type="FAILURE">
<![CDATA[  [chromium] › employer/create_employer.spec.ts:68:5 › HESTA for MercyVerify existing employer data can be edited successfully @employer › - Existing employer 

    Test timeout of 120000ms exceeded.

    Error: locator.click: Test timeout of 120000ms exceeded.
    Call log:
      - waiting for locator('xpath=(//td[@colspan=\'1\']//div)[1]')
      -   locator resolved to <div class="cell">…</div>
      - attempting click action
      -   waiting for element to be visible, enabled and stable
      - element was detached from the DOM, retrying


       at ../../src/aol/pom/employer_Identities_page.ts:295

      293 |         await this.page.waitForTimeout(3000).then(()=>this.EmployerNameFilterValue.fill(name));
      294 |         await this.applyButton.click();
    > 295 |         await this.page.locator("(//td[@colspan='1']//div)[1]").click();
          |                                                                 ^
      296 |         await this.editEmployer.click();
      297 |         let acn=UtilsAOL.randomNumber(9);
      298 |         await this.acnValue.fill(acn);

        at EmployerIdentitiesPage.updateExistingEmployer (/home/minal.tate/MinalAutomation/e2e-regression-tests/src/aol/pom/employer_Identities_page.ts:295:65)
        at /home/minal.tate/MinalAutomation/e2e-regression-tests/tests/aol/employer/create_employer.spec.ts:75:9
        at /home/minal.tate/MinalAutomation/e2e-regression-tests/tests/aol/employer/create_employer.spec.ts:74:5

    attachment #3: screenshot (image/png) ──────────────────────────────────────────────────────────
    test-results/employer-create_employer-H-2ab35-dited-successfully-employer-chromium/test-failed-1.png
    ────────────────────────────────────────────────────────────────────────────────────────────────
]]>
</failure>
<system-out>
<![CDATA[Test running for product 'HESTA for Mercy'

[[ATTACHMENT|test-results/employer-create_employer-H-2ab35-dited-successfully-employer-chromium/test-failed-1.png]]
]]>
</system-out>
</testcase>
</testsuite>
</testsuites>